VRF Configuration Summary (as of 2025-04-21 18:07:07):

VRF: 100 (Enabled)
  Type: openconfig-network-instance-types:L3VRF
  Route Distinguisher: 100.100.100.101:100
  Import Route Targets: 100:100
  Export Route Targets: 100:100
  Interfaces:
    - GigabitEthernet0/0/0/2 (Address Families: IPV4, IPV6)
  Protocols:
    - openconfig-policy-types:BGP default

VRF: Mgmt (Enabled)
  Type: openconfig-network-instance-types:L3VRF
  Interfaces:
    - MgmtEth0/RP0/CPU0/0 (Address Families: IPV4, IPV6)
  Protocols:
    - static-routes DEFAULT
